// Vitest Snapshot v1, https://vitest.dev/guide/snapshot.html

exports[`HomeView.vue > should render without errors with default props 1`] = `"<div class="entre-paginas"><i class="fa-solid fa-house"></i></div>"`;
