// Vitest Snapshot v1, https://vitest.dev/guide/snapshot.html

exports[`ReportsView.vue > should render without errors with default props 1`] = `"<!--v-if-->"`;
